
> authrian@0.0.0 build
> vite build && node scripts/generate-sitemap.js && node scripts/generate-rss.js

[36mvite v5.4.21 [32mbuilding for production...[36m[39m
transforming...
[32m??[39m 21 modules transformed.
